// Jest Snapshot v1, https://goo.gl/fbAQLP

exports[`renders correctly 1`] = `
<div
  className="container-fluid"
>
  <div
    className="row"
  >
    <div
      className="col-sm-2 offset-sm-5"
    >
      <input
        className="form-control"
        onChange={[Function]}
        readOnly={true}
        type="text"
        value={0}
      />
    </div>
  </div>
  <div
    className="row"
  >
    <div
      className="col-sm-2 offset-sm-5"
    >
      <div
        className="container"
      >
        <div
          className="row"
        >
          <button
            className="btn btn-info m-2"
            onClick={[Function]}
            value="1"
          >
            1
          </button>
          <button
            className="btn btn-info m-2"
            onClick={[Function]}
            value="2"
          >
            2
          </button>
          <button
            className="btn btn-info m-2"
            onClick={[Function]}
            value="3"
          >
            3
          </button>
          <button
            className="btn btn-info m-2"
            onClick={[Function]}
            value="/"
          >
            /
          </button>
        </div>
        <div
          className="row"
        >
          <button
            className="btn btn-info m-2"
            onClick={[Function]}
            value="4"
          >
            4
          </button>
          <button
            className="btn btn-info m-2"
            onClick={[Function]}
            value="5"
          >
            5
          </button>
          <button
            className="btn btn-info m-2"
            onClick={[Function]}
            value="6"
          >
            6
          </button>
          <button
            className="btn btn-info m-2"
            onClick={[Function]}
            value="X"
          >
            X
          </button>
        </div>
        <div
          className="row"
        >
          <button
            className="btn btn-info m-2"
            onClick={[Function]}
            value="7"
          >
            7
          </button>
          <button
            className="btn btn-info m-2"
            onClick={[Function]}
            value="8"
          >
            8
          </button>
          <button
            className="btn btn-info m-2"
            onClick={[Function]}
            value="9"
          >
            9
          </button>
          <button
            className="btn btn-info m-2"
            onClick={[Function]}
            value="-"
          >
            -
          </button>
        </div>
        <div
          className="row"
        >
          <button
            className="btn btn-info m-2"
            onClick={[Function]}
            value="Clear"
          >
            C
          </button>
          <button
            className="btn btn-info m-2"
            onClick={[Function]}
            value="0"
          >
            0
          </button>
          <button
            className="btn btn-info m-2"
            onClick={[Function]}
            value="="
          >
            =
          </button>
          <button
            className="btn btn-info m-2"
            onClick={[Function]}
            value="+"
          >
            +
          </button>
        </div>
      </div>
    </div>
  </div>
</div>
`;
